// Jest Snapshot v1, https://goo.gl/fbAQLP

exports[`read.ts simulateWithOffchainData() passes a call execution error if its not recognized 1`] = `
"An unknown RPC error occurred.

Details: 0x08273020
Version: viem@2.29.0"
`;
