// Jest Snapshot v1, https://goo.gl/fbAQLP

exports[`write.ts buildTransactionWithOffchainData() passes a call execution error if its not recognized 1`] = `
"An unknown RPC error occurred.

Details: 0x08273020
Version: viem@2.29.0"
`;

exports[`write.ts buildTransactionWithOffchainData() resolves offchain data and returns correct data 1`] = `
{
  "data": "0x174dea7100000000000000000000000000000000000000000000000000000000000000200000000000000000000000000000000000000000000000000000000000000004000000000000000000000000000000000000000000000000000000000000008000000000000000000000000000000000000000000000000000000000000001a000000000000000000000000000000000000000000000000000000000000002c000000000000000000000000000000000000000000000000000000000000003800000000000000000000000002345234523452345234523452345234523452345000000000000000000000000000000000000000000000000000000000000000100000000000000000000000000000000000000000000000000000000000000640000000000000000000000000000000000000000000000000000000000000080000000000000000000000000000000000000000000000000000000000000006414b95956000000000000000000000000000000000000000000000000000000000000002000000000000000000000000000000000000000000000000000000000000000048765123400000000000000000000000000000000000000000000000000000000000000000000000000000000000000000000000000000000000000000000000000000000000000002345234523452345234523452345234523452345000000000000000000000000000000000000000000000000000000000000000100000000000000000000000000000000000000000000000000000000000000640000000000000000000000000000000000000000000000000000000000000080000000000000000000000000000000000000000000000000000000000000006414b9595600000000000000000000000000000000000000000000000000000000000000200000000000000000000000000000000000000000000000000000000000000004876512340000000000000000000000000000000000000000000000000000000000000000000000000000000000000000000000000000000000000000000000000000000000000000123412341234123412341234123412341234123400000000000000000000000000000000000000000000000000000000000000010000000000000000000000000000000000000000000000000000000000000000000000000000000000000000000000000000000000000000000000000000008000000000000000000000000000000000000000000000000000000000000000041234567800000000000000000000000000000000000000000000000000000000000000000000000000000000123412341234123412341234123412341234123400000000000000000000000000000000000000000000000000000000000000010000000000000000000000000000000000000000000000000000000000000000000000000000000000000000000000000000000000000000000000000000008000000000000000000000000000000000000000000000000000000000000000042345678900000000000000000000000000000000000000000000000000000000",
  "to": "0xE2C5658cC5C448B48141168f3e475dF8f65A1e3e",
  "value": 200n,
}
`;
